------------------------------------------------------------
TimeQuest Timing Analyzer Summary
------------------------------------------------------------

Type  : Slow 1200mV 85C Model Setup 'DIVFREQ:U0|CO4'
Slack : -3.200
TNS   : -21.384

Type  : Slow 1200mV 85C Model Setup 'DIVFREQ:U0|CO2'
Slack : -2.035
TNS   : -10.813

Type  : Slow 1200mV 85C Model Setup 'DIVFREQ:U0|CO0'
Slack : -1.933
TNS   : -4.173

Type  : Slow 1200mV 85C Model Setup 'DIVFREQ:U0|CO5'
Slack : -1.920
TNS   : -3.640

Type  : Slow 1200mV 85C Model Setup 'DIVFREQ:U0|CO3'
Slack : -1.820
TNS   : -4.150

Type  : Slow 1200mV 85C Model Setup 'DIVFREQ:U0|CO1'
Slack : -1.819
TNS   : -3.834

Type  : Slow 1200mV 85C Model Setup 'DIVFREQ:U0|CO6'
Slack : -1.781
TNS   : -3.821

Type  : Slow 1200mV 85C Model Setup 'CNT10:U3|CQI[0]'
Slack : -1.715
TNS   : -6.006

Type  : Slow 1200mV 85C Model Setup 'CNT10:U5|CQI[0]'
Slack : -1.460
TNS   : -5.276

Type  : Slow 1200mV 85C Model Setup 'CNT10:U6|CQI[0]'
Slack : -1.454
TNS   : -5.601

Type  : Slow 1200mV 85C Model Setup 'CNT10:U4|CQI[0]'
Slack : -1.375
TNS   : -5.270

Type  : Slow 1200mV 85C Model Setup 'CLK'
Slack : -1.350
TNS   : -2.152

Type  : Slow 1200mV 85C Model Setup 'TESTCTL:U1|Div2CLK'
Slack : -1.197
TNS   : -13.623

Type  : Slow 1200mV 85C Model Setup 'CNT10:U7|CQI[0]'
Slack : -0.829
TNS   : -3.287

Type  : Slow 1200mV 85C Model Setup 'DIVFREQ:U0|CO7'
Slack : 2.575
TNS   : 0.000

Type  : Slow 1200mV 85C Model Hold 'DIVFREQ:U0|CO7'
Slack : -2.762
TNS   : -2.762

Type  : Slow 1200mV 85C Model Hold 'TESTCTL:U1|Div2CLK'
Slack : 0.191
TNS   : 0.000

Type  : Slow 1200mV 85C Model Hold 'DIVFREQ:U0|CO2'
Slack : 0.214
TNS   : 0.000

Type  : Slow 1200mV 85C Model Hold 'CNT10:U6|CQI[0]'
Slack : 0.277
TNS   : 0.000

Type  : Slow 1200mV 85C Model Hold 'CNT10:U4|CQI[0]'
Slack : 0.332
TNS   : 0.000

Type  : Slow 1200mV 85C Model Hold 'CNT10:U5|CQI[0]'
Slack : 0.435
TNS   : 0.000

Type  : Slow 1200mV 85C Model Hold 'DIVFREQ:U0|CO4'
Slack : 0.436
TNS   : 0.000

Type  : Slow 1200mV 85C Model Hold 'DIVFREQ:U0|CO3'
Slack : 0.452
TNS   : 0.000

Type  : Slow 1200mV 85C Model Hold 'CLK'
Slack : 0.453
TNS   : 0.000

Type  : Slow 1200mV 85C Model Hold 'DIVFREQ:U0|CO0'
Slack : 0.453
TNS   : 0.000

Type  : Slow 1200mV 85C Model Hold 'DIVFREQ:U0|CO5'
Slack : 0.453
TNS   : 0.000

Type  : Slow 1200mV 85C Model Hold 'DIVFREQ:U0|CO6'
Slack : 0.453
TNS   : 0.000

Type  : Slow 1200mV 85C Model Hold 'DIVFREQ:U0|CO1'
Slack : 0.454
TNS   : 0.000

Type  : Slow 1200mV 85C Model Hold 'CNT10:U3|CQI[0]'
Slack : 0.807
TNS   : 0.000

Type  : Slow 1200mV 85C Model Hold 'CNT10:U7|CQI[0]'
Slack : 0.915
TNS   : 0.000

Type  : Slow 1200mV 85C Model Recovery 'CNT10:U3|CQI[0]'
Slack : -1.207
TNS   : -4.828

Type  : Slow 1200mV 85C Model Recovery 'DIVFREQ:U0|CO2'
Slack : -1.165
TNS   : -4.373

Type  : Slow 1200mV 85C Model Recovery 'CNT10:U6|CQI[0]'
Slack : -1.054
TNS   : -4.216

Type  : Slow 1200mV 85C Model Recovery 'CNT10:U4|CQI[0]'
Slack : -0.795
TNS   : -3.180

Type  : Slow 1200mV 85C Model Recovery 'CNT10:U7|CQI[0]'
Slack : -0.770
TNS   : -3.080

Type  : Slow 1200mV 85C Model Recovery 'CNT10:U5|CQI[0]'
Slack : -0.740
TNS   : -2.960

Type  : Slow 1200mV 85C Model Removal 'CNT10:U7|CQI[0]'
Slack : 0.301
TNS   : 0.000

Type  : Slow 1200mV 85C Model Removal 'DIVFREQ:U0|CO2'
Slack : 0.403
TNS   : 0.000

Type  : Slow 1200mV 85C Model Removal 'CNT10:U5|CQI[0]'
Slack : 0.508
TNS   : 0.000

Type  : Slow 1200mV 85C Model Removal 'CNT10:U4|CQI[0]'
Slack : 0.646
TNS   : 0.000

Type  : Slow 1200mV 85C Model Removal 'CNT10:U6|CQI[0]'
Slack : 0.835
TNS   : 0.000

Type  : Slow 1200mV 85C Model Removal 'CNT10:U3|CQI[0]'
Slack : 0.921
TNS   : 0.000

Type  : Slow 1200mV 85C Model Minimum Pulse Width 'CLK'
Slack : -3.000
TNS   : -8.948

Type  : Slow 1200mV 85C Model Minimum Pulse Width 'TESTCTL:U1|Div2CLK'
Slack : -1.487
TNS   : -35.688

Type  : Slow 1200mV 85C Model Minimum Pulse Width 'DIVFREQ:U0|CO4'
Slack : -1.487
TNS   : -20.818

Type  : Slow 1200mV 85C Model Minimum Pulse Width 'DIVFREQ:U0|CO2'
Slack : -1.487
TNS   : -13.383

Type  : Slow 1200mV 85C Model Minimum Pulse Width 'DIVFREQ:U0|CO0'
Slack : -1.487
TNS   : -7.435

Type  : Slow 1200mV 85C Model Minimum Pulse Width 'DIVFREQ:U0|CO1'
Slack : -1.487
TNS   : -7.435

Type  : Slow 1200mV 85C Model Minimum Pulse Width 'DIVFREQ:U0|CO3'
Slack : -1.487
TNS   : -7.435

Type  : Slow 1200mV 85C Model Minimum Pulse Width 'DIVFREQ:U0|CO5'
Slack : -1.487
TNS   : -7.435

Type  : Slow 1200mV 85C Model Minimum Pulse Width 'DIVFREQ:U0|CO6'
Slack : -1.487
TNS   : -7.435

Type  : Slow 1200mV 85C Model Minimum Pulse Width 'CNT10:U3|CQI[0]'
Slack : -1.487
TNS   : -5.948

Type  : Slow 1200mV 85C Model Minimum Pulse Width 'CNT10:U4|CQI[0]'
Slack : -1.487
TNS   : -5.948

Type  : Slow 1200mV 85C Model Minimum Pulse Width 'CNT10:U5|CQI[0]'
Slack : -1.487
TNS   : -5.948

Type  : Slow 1200mV 85C Model Minimum Pulse Width 'CNT10:U6|CQI[0]'
Slack : -1.487
TNS   : -5.948

Type  : Slow 1200mV 85C Model Minimum Pulse Width 'CNT10:U7|CQI[0]'
Slack : -1.487
TNS   : -5.948

Type  : Slow 1200mV 85C Model Minimum Pulse Width 'DIVFREQ:U0|CO7'
Slack : -1.487
TNS   : -1.624

Type  : Slow 1200mV 0C Model Setup 'DIVFREQ:U0|CO4'
Slack : -2.852
TNS   : -18.970

Type  : Slow 1200mV 0C Model Setup 'DIVFREQ:U0|CO2'
Slack : -1.863
TNS   : -9.596

Type  : Slow 1200mV 0C Model Setup 'DIVFREQ:U0|CO0'
Slack : -1.786
TNS   : -3.577

Type  : Slow 1200mV 0C Model Setup 'DIVFREQ:U0|CO5'
Slack : -1.769
TNS   : -3.013

Type  : Slow 1200mV 0C Model Setup 'DIVFREQ:U0|CO3'
Slack : -1.661
TNS   : -3.578

Type  : Slow 1200mV 0C Model Setup 'DIVFREQ:U0|CO1'
Slack : -1.651
TNS   : -3.184

Type  : Slow 1200mV 0C Model Setup 'DIVFREQ:U0|CO6'
Slack : -1.625
TNS   : -3.220

Type  : Slow 1200mV 0C Model Setup 'CNT10:U3|CQI[0]'
Slack : -1.584
TNS   : -5.374

Type  : Slow 1200mV 0C Model Setup 'CNT10:U5|CQI[0]'
Slack : -1.292
TNS   : -4.653

Type  : Slow 1200mV 0C Model Setup 'CNT10:U6|CQI[0]'
Slack : -1.284
TNS   : -4.929

Type  : Slow 1200mV 0C Model Setup 'TESTCTL:U1|Div2CLK'
Slack : -1.249
TNS   : -16.562

Type  : Slow 1200mV 0C Model Setup 'CNT10:U4|CQI[0]'
Slack : -1.213
TNS   : -4.639

Type  : Slow 1200mV 0C Model Setup 'CLK'
Slack : -1.209
TNS   : -1.803

Type  : Slow 1200mV 0C Model Setup 'CNT10:U7|CQI[0]'
Slack : -0.669
TNS   : -2.650

Type  : Slow 1200mV 0C Model Setup 'DIVFREQ:U0|CO7'
Slack : 2.596
TNS   : 0.000

Type  : Slow 1200mV 0C Model Hold 'DIVFREQ:U0|CO7'
Slack : -2.736
TNS   : -2.736

Type  : Slow 1200mV 0C Model Hold 'DIVFREQ:U0|CO2'
Slack : 0.196
TNS   : 0.000

Type  : Slow 1200mV 0C Model Hold 'TESTCTL:U1|Div2CLK'
Slack : 0.222
TNS   : 0.000

Type  : Slow 1200mV 0C Model Hold 'CNT10:U6|CQI[0]'
Slack : 0.255
TNS   : 0.000

Type  : Slow 1200mV 0C Model Hold 'CNT10:U4|CQI[0]'
Slack : 0.281
TNS   : 0.000

Type  : Slow 1200mV 0C Model Hold 'DIVFREQ:U0|CO4'
Slack : 0.385
TNS   : 0.000

Type  : Slow 1200mV 0C Model Hold 'CNT10:U5|CQI[0]'
Slack : 0.397
TNS   : 0.000

Type  : Slow 1200mV 0C Model Hold 'CLK'
Slack : 0.402
TNS   : 0.000

Type  : Slow 1200mV 0C Model Hold 'DIVFREQ:U0|CO3'
Slack : 0.402
TNS   : 0.000

Type  : Slow 1200mV 0C Model Hold 'DIVFREQ:U0|CO5'
Slack : 0.402
TNS   : 0.000

Type  : Slow 1200mV 0C Model Hold 'DIVFREQ:U0|CO0'
Slack : 0.403
TNS   : 0.000

Type  : Slow 1200mV 0C Model Hold 'DIVFREQ:U0|CO1'
Slack : 0.403
TNS   : 0.000

Type  : Slow 1200mV 0C Model Hold 'DIVFREQ:U0|CO6'
Slack : 0.403
TNS   : 0.000

Type  : Slow 1200mV 0C Model Hold 'CNT10:U3|CQI[0]'
Slack : 0.733
TNS   : 0.000

Type  : Slow 1200mV 0C Model Hold 'CNT10:U7|CQI[0]'
Slack : 0.833
TNS   : 0.000

Type  : Slow 1200mV 0C Model Recovery 'CNT10:U3|CQI[0]'
Slack : -0.987
TNS   : -3.948

Type  : Slow 1200mV 0C Model Recovery 'DIVFREQ:U0|CO2'
Slack : -0.950
TNS   : -3.608

Type  : Slow 1200mV 0C Model Recovery 'CNT10:U6|CQI[0]'
Slack : -0.859
TNS   : -3.436

Type  : Slow 1200mV 0C Model Recovery 'CNT10:U7|CQI[0]'
Slack : -0.682
TNS   : -2.728

Type  : Slow 1200mV 0C Model Recovery 'CNT10:U4|CQI[0]'
Slack : -0.618
TNS   : -2.472

Type  : Slow 1200mV 0C Model Recovery 'CNT10:U5|CQI[0]'
Slack : -0.569
TNS   : -2.276

Type  : Slow 1200mV 0C Model Removal 'CNT10:U7|CQI[0]'
Slack : 0.237
TNS   : 0.000

Type  : Slow 1200mV 0C Model Removal 'DIVFREQ:U0|CO2'
Slack : 0.339
TNS   : 0.000

Type  : Slow 1200mV 0C Model Removal 'CNT10:U5|CQI[0]'
Slack : 0.468
TNS   : 0.000

Type  : Slow 1200mV 0C Model Removal 'CNT10:U4|CQI[0]'
Slack : 0.594
TNS   : 0.000

Type  : Slow 1200mV 0C Model Removal 'CNT10:U6|CQI[0]'
Slack : 0.771
TNS   : 0.000

Type  : Slow 1200mV 0C Model Removal 'CNT10:U3|CQI[0]'
Slack : 0.810
TNS   : 0.000

Type  : Slow 1200mV 0C Model Minimum Pulse Width 'CLK'
Slack : -3.000
TNS   : -8.948

Type  : Slow 1200mV 0C Model Minimum Pulse Width 'TESTCTL:U1|Div2CLK'
Slack : -1.487
TNS   : -35.688

Type  : Slow 1200mV 0C Model Minimum Pulse Width 'DIVFREQ:U0|CO4'
Slack : -1.487
TNS   : -20.818

Type  : Slow 1200mV 0C Model Minimum Pulse Width 'DIVFREQ:U0|CO2'
Slack : -1.487
TNS   : -13.383

Type  : Slow 1200mV 0C Model Minimum Pulse Width 'DIVFREQ:U0|CO0'
Slack : -1.487
TNS   : -7.435

Type  : Slow 1200mV 0C Model Minimum Pulse Width 'DIVFREQ:U0|CO1'
Slack : -1.487
TNS   : -7.435

Type  : Slow 1200mV 0C Model Minimum Pulse Width 'DIVFREQ:U0|CO3'
Slack : -1.487
TNS   : -7.435

Type  : Slow 1200mV 0C Model Minimum Pulse Width 'DIVFREQ:U0|CO5'
Slack : -1.487
TNS   : -7.435

Type  : Slow 1200mV 0C Model Minimum Pulse Width 'DIVFREQ:U0|CO6'
Slack : -1.487
TNS   : -7.435

Type  : Slow 1200mV 0C Model Minimum Pulse Width 'CNT10:U3|CQI[0]'
Slack : -1.487
TNS   : -5.948

Type  : Slow 1200mV 0C Model Minimum Pulse Width 'CNT10:U4|CQI[0]'
Slack : -1.487
TNS   : -5.948

Type  : Slow 1200mV 0C Model Minimum Pulse Width 'CNT10:U5|CQI[0]'
Slack : -1.487
TNS   : -5.948

Type  : Slow 1200mV 0C Model Minimum Pulse Width 'CNT10:U6|CQI[0]'
Slack : -1.487
TNS   : -5.948

Type  : Slow 1200mV 0C Model Minimum Pulse Width 'CNT10:U7|CQI[0]'
Slack : -1.487
TNS   : -5.948

Type  : Slow 1200mV 0C Model Minimum Pulse Width 'DIVFREQ:U0|CO7'
Slack : -1.487
TNS   : -2.065

Type  : Fast 1200mV 0C Model Setup 'DIVFREQ:U0|CO4'
Slack : -1.284
TNS   : -5.853

Type  : Fast 1200mV 0C Model Setup 'DIVFREQ:U0|CO2'
Slack : -0.449
TNS   : -1.474

Type  : Fast 1200mV 0C Model Setup 'CLK'
Slack : -0.447
TNS   : -0.447

Type  : Fast 1200mV 0C Model Setup 'DIVFREQ:U0|CO5'
Slack : -0.380
TNS   : -0.380

Type  : Fast 1200mV 0C Model Setup 'CNT10:U3|CQI[0]'
Slack : -0.368
TNS   : -1.194

Type  : Fast 1200mV 0C Model Setup 'DIVFREQ:U0|CO0'
Slack : -0.345
TNS   : -0.345

Type  : Fast 1200mV 0C Model Setup 'CNT10:U7|CQI[0]'
Slack : -0.284
TNS   : -1.136

Type  : Fast 1200mV 0C Model Setup 'DIVFREQ:U0|CO3'
Slack : -0.281
TNS   : -0.281

Type  : Fast 1200mV 0C Model Setup 'DIVFREQ:U0|CO1'
Slack : -0.265
TNS   : -0.265

Type  : Fast 1200mV 0C Model Setup 'DIVFREQ:U0|CO6'
Slack : -0.158
TNS   : -0.158

Type  : Fast 1200mV 0C Model Setup 'CNT10:U4|CQI[0]'
Slack : -0.070
TNS   : -0.129

Type  : Fast 1200mV 0C Model Setup 'CNT10:U6|CQI[0]'
Slack : -0.045
TNS   : -0.045

Type  : Fast 1200mV 0C Model Setup 'CNT10:U5|CQI[0]'
Slack : -0.042
TNS   : -0.104

Type  : Fast 1200mV 0C Model Setup 'TESTCTL:U1|Div2CLK'
Slack : 0.009
TNS   : 0.000

Type  : Fast 1200mV 0C Model Setup 'DIVFREQ:U0|CO7'
Slack : 1.293
TNS   : 0.000

Type  : Fast 1200mV 0C Model Hold 'DIVFREQ:U0|CO7'
Slack : -1.121
TNS   : -1.121

Type  : Fast 1200mV 0C Model Hold 'TESTCTL:U1|Div2CLK'
Slack : 0.029
TNS   : 0.000

Type  : Fast 1200mV 0C Model Hold 'DIVFREQ:U0|CO2'
Slack : 0.073
TNS   : 0.000

Type  : Fast 1200mV 0C Model Hold 'CNT10:U6|CQI[0]'
Slack : 0.087
TNS   : 0.000

Type  : Fast 1200mV 0C Model Hold 'CNT10:U5|CQI[0]'
Slack : 0.157
TNS   : 0.000

Type  : Fast 1200mV 0C Model Hold 'CNT10:U4|CQI[0]'
Slack : 0.175
TNS   : 0.000

Type  : Fast 1200mV 0C Model Hold 'DIVFREQ:U0|CO4'
Slack : 0.179
TNS   : 0.000

Type  : Fast 1200mV 0C Model Hold 'DIVFREQ:U0|CO6'
Slack : 0.183
TNS   : 0.000

Type  : Fast 1200mV 0C Model Hold 'CLK'
Slack : 0.186
TNS   : 0.000

Type  : Fast 1200mV 0C Model Hold 'DIVFREQ:U0|CO0'
Slack : 0.187
TNS   : 0.000

Type  : Fast 1200mV 0C Model Hold 'DIVFREQ:U0|CO1'
Slack : 0.187
TNS   : 0.000

Type  : Fast 1200mV 0C Model Hold 'DIVFREQ:U0|CO3'
Slack : 0.187
TNS   : 0.000

Type  : Fast 1200mV 0C Model Hold 'DIVFREQ:U0|CO5'
Slack : 0.187
TNS   : 0.000

Type  : Fast 1200mV 0C Model Hold 'CNT10:U7|CQI[0]'
Slack : 0.355
TNS   : 0.000

Type  : Fast 1200mV 0C Model Hold 'CNT10:U3|CQI[0]'
Slack : 0.369
TNS   : 0.000

Type  : Fast 1200mV 0C Model Recovery 'CNT10:U3|CQI[0]'
Slack : -0.347
TNS   : -1.388

Type  : Fast 1200mV 0C Model Recovery 'DIVFREQ:U0|CO2'
Slack : -0.328
TNS   : -1.139

Type  : Fast 1200mV 0C Model Recovery 'CNT10:U6|CQI[0]'
Slack : -0.280
TNS   : -1.120

Type  : Fast 1200mV 0C Model Recovery 'CNT10:U4|CQI[0]'
Slack : -0.184
TNS   : -0.736

Type  : Fast 1200mV 0C Model Recovery 'CNT10:U5|CQI[0]'
Slack : -0.144
TNS   : -0.576

Type  : Fast 1200mV 0C Model Recovery 'CNT10:U7|CQI[0]'
Slack : -0.136
TNS   : -0.544

Type  : Fast 1200mV 0C Model Removal 'CNT10:U5|CQI[0]'
Slack : 0.251
TNS   : 0.000

Type  : Fast 1200mV 0C Model Removal 'CNT10:U7|CQI[0]'
Slack : 0.271
TNS   : 0.000

Type  : Fast 1200mV 0C Model Removal 'DIVFREQ:U0|CO2'
Slack : 0.281
TNS   : 0.000

Type  : Fast 1200mV 0C Model Removal 'CNT10:U4|CQI[0]'
Slack : 0.312
TNS   : 0.000

Type  : Fast 1200mV 0C Model Removal 'CNT10:U6|CQI[0]'
Slack : 0.394
TNS   : 0.000

Type  : Fast 1200mV 0C Model Removal 'CNT10:U3|CQI[0]'
Slack : 0.471
TNS   : 0.000

Type  : Fast 1200mV 0C Model Minimum Pulse Width 'CLK'
Slack : -3.000
TNS   : -8.294

Type  : Fast 1200mV 0C Model Minimum Pulse Width 'TESTCTL:U1|Div2CLK'
Slack : -1.000
TNS   : -24.000

Type  : Fast 1200mV 0C Model Minimum Pulse Width 'DIVFREQ:U0|CO4'
Slack : -1.000
TNS   : -14.000

Type  : Fast 1200mV 0C Model Minimum Pulse Width 'DIVFREQ:U0|CO2'
Slack : -1.000
TNS   : -9.000

Type  : Fast 1200mV 0C Model Minimum Pulse Width 'DIVFREQ:U0|CO0'
Slack : -1.000
TNS   : -5.000

Type  : Fast 1200mV 0C Model Minimum Pulse Width 'DIVFREQ:U0|CO1'
Slack : -1.000
TNS   : -5.000

Type  : Fast 1200mV 0C Model Minimum Pulse Width 'DIVFREQ:U0|CO3'
Slack : -1.000
TNS   : -5.000

Type  : Fast 1200mV 0C Model Minimum Pulse Width 'DIVFREQ:U0|CO5'
Slack : -1.000
TNS   : -5.000

Type  : Fast 1200mV 0C Model Minimum Pulse Width 'DIVFREQ:U0|CO6'
Slack : -1.000
TNS   : -5.000

Type  : Fast 1200mV 0C Model Minimum Pulse Width 'CNT10:U3|CQI[0]'
Slack : -1.000
TNS   : -4.000

Type  : Fast 1200mV 0C Model Minimum Pulse Width 'CNT10:U4|CQI[0]'
Slack : -1.000
TNS   : -4.000

Type  : Fast 1200mV 0C Model Minimum Pulse Width 'CNT10:U5|CQI[0]'
Slack : -1.000
TNS   : -4.000

Type  : Fast 1200mV 0C Model Minimum Pulse Width 'CNT10:U6|CQI[0]'
Slack : -1.000
TNS   : -4.000

Type  : Fast 1200mV 0C Model Minimum Pulse Width 'CNT10:U7|CQI[0]'
Slack : -1.000
TNS   : -4.000

Type  : Fast 1200mV 0C Model Minimum Pulse Width 'DIVFREQ:U0|CO7'
Slack : -1.000
TNS   : -1.000

------------------------------------------------------------
